// Vitest Snapshot v1

exports[`components > card > basic 1`] = `
"<div class=\\"r-resume\\"><div class=\\"font-sans text-base text-dark-400 bg-white dark:text-light-700 dark:bg-dark-400 r-container\\"><div class=\\"border print:border-none border-light-700 md:w-full md:max-w-screen-md xs:w-full mx-auto p-y-5 sm:p-x-10 p-x-4 dark:border-dark-100 relative r-content\\"><div class=\\"absolute right-4 top-2 flex gap-x-1.5 print:hidden r-toolbox\\"></div><h3 class=\\"m-t-2 m-b-1 p-y-0.5 text-base font-semibold r-h3\\" level=\\"3\\">公司内部 Cli 开发（独立完成）</h3>













<div class=\\"p-y-0.5 grid grid-cols-2 gap-y-0.5 r-card\\"><div class=\\"text-sm r-card-item\\"><span align=\\"center\\" class=\\"text-sm font-medium r-card-item-label\\">担任角色</span>：<span class=\\"text-blue-gray-600 dark:text-blue-gray-300 r-card-item-value\\" align=\\"center\\">负责人</span></div><div class=\\"text-sm justify-self-end r-card-item\\"><span align=\\"center\\" class=\\"text-sm font-medium r-card-item-label\\">项目周期</span>：<span class=\\"text-blue-gray-600 dark:text-blue-gray-300 r-card-item-value\\" align=\\"center\\">2020.11 ~ 2021.01</span></div></div></div></div></div>"
`;

exports[`components > card > multi row data 1`] = `
"<div class=\\"r-resume\\"><div class=\\"font-sans text-base text-dark-400 bg-white dark:text-light-700 dark:bg-dark-400 r-container\\"><div class=\\"border print:border-none border-light-700 md:w-full md:max-w-screen-md xs:w-full mx-auto p-y-5 sm:p-x-10 p-x-4 dark:border-dark-100 relative r-content\\"><div class=\\"absolute right-4 top-2 flex gap-x-1.5 print:hidden r-toolbox\\"></div><h3 class=\\"m-t-2 m-b-1 p-y-0.5 text-base font-semibold r-h3\\" level=\\"3\\">公司内部 Cli 开发（独立完成）</h3>

















<div class=\\"p-y-0.5 grid grid-cols-2 gap-y-0.5 r-card\\"><div class=\\"text-sm r-card-item\\"><span align=\\"center\\" class=\\"text-sm font-medium r-card-item-label r-card-item-label\\">担任角色</span>：<span class=\\"text-blue-gray-600 dark:text-blue-gray-300 r-card-item-value\\" align=\\"center\\">负责人</span></div><div class=\\"text-sm justify-self-end r-card-item\\"><span align=\\"center\\" class=\\"text-sm font-medium r-card-item-label r-card-item-label\\">项目周期</span>：<span class=\\"text-blue-gray-600 dark:text-blue-gray-300 r-card-item-value\\" align=\\"center\\">2020.11 ~ 2021.01</span></div></div><div class=\\"p-y-0.5 grid grid-cols-2 gap-y-0.5 r-card\\"><div class=\\"text-sm r-card-item\\"><span align=\\"center\\" class=\\"text-sm font-medium r-card-item-label r-card-item-label\\">担任角色</span>：<span class=\\"text-blue-gray-600 dark:text-blue-gray-300 r-card-item-value\\" align=\\"center\\">负责人1</span></div><div class=\\"text-sm justify-self-end r-card-item\\"><span align=\\"center\\" class=\\"text-sm font-medium r-card-item-label r-card-item-label\\">项目周期</span>：<span class=\\"text-blue-gray-600 dark:text-blue-gray-300 r-card-item-value\\" align=\\"center\\">2020.11 ~ 2021.01</span></div></div></div></div></div>"
`;

exports[`components > card 1`] = `
"<div class=\\"r-resume\\"><div class=\\"font-sans text-base text-dark-400 bg-white dark:text-light-700 dark:bg-dark-400 r-container\\"><div class=\\"border print:border-none border-light-700 md:w-full md:max-w-screen-md xs:w-full mx-auto p-y-5 sm:p-x-10 p-x-4 dark:border-dark-100 relative r-content\\"><div class=\\"absolute right-4 top-2 flex gap-x-1.5 print:hidden r-toolbox\\"></div><h3 class=\\"m-t-2 m-b-1 p-y-0.5 text-base font-semibold r-h3\\" level=\\"3\\">公司内部 Cli 开发（独立完成）</h3>













<div class=\\"p-y-0.5 grid grid-cols-2 gap-y-0.5 r-card\\"><div class=\\"text-sm r-card-item\\"><span align=\\"center\\" class=\\"text-sm font-medium r-card-item-label\\">担任角色</span>：<span class=\\"text-blue-gray-600 dark:text-blue-gray-300 r-card-item-value\\" align=\\"center\\">负责人</span></div><div class=\\"text-sm justify-self-end r-card-item\\"><span align=\\"center\\" class=\\"text-sm font-medium r-card-item-label\\">项目周期</span>：<span class=\\"text-blue-gray-600 dark:text-blue-gray-300 r-card-item-value\\" align=\\"center\\">2020.11 ~ 2021.01</span></div></div></div></div></div>"
`;

exports[`components > description 1`] = `
"<div class=\\"r-resume\\"><div class=\\"font-sans text-base text-dark-400 bg-white dark:text-light-700 dark:bg-dark-400 r-container\\"><div class=\\"border print:border-none border-light-700 md:w-full md:max-w-screen-md xs:w-full mx-auto p-y-5 sm:p-x-10 p-x-4 dark:border-dark-100 relative r-content\\"><div class=\\"absolute right-4 top-2 flex gap-x-1.5 print:hidden r-toolbox\\"></div><h3 class=\\"m-t-2 m-b-1 p-y-0.5 text-base font-semibold r-h3\\" level=\\"3\\"><a class=\\"text-blue-600 underline dark:text-blue-400 r-a\\" href=\\"https://www.npmjs.com/package/taro-swr\\">swr-taro</a></h3>
<p class=\\"text-sm indent r-description\\"><strong class=\\"font-semibold r-strong\\">业务背景是由于公司的小程序对需要对接口进行管理,(替换原来实现的 useRequest，api 不太友好)。考虑到内部的 H5 使用的是 SWR，统一请求管理库对维护者更加友好，所以决定把 SWR 适配到 Taro 中去</strong></p></div></div></div>"
`;

exports[`components > heading 1`] = `
"<div class=\\"r-resume\\"><div class=\\"font-sans text-base text-dark-400 bg-white dark:text-light-700 dark:bg-dark-400 r-container\\"><div class=\\"border print:border-none border-light-700 md:w-full md:max-w-screen-md xs:w-full mx-auto p-y-5 sm:p-x-10 p-x-4 dark:border-dark-100 relative r-content\\"><div class=\\"absolute right-4 top-2 flex gap-x-1.5 print:hidden r-toolbox\\"></div><header class=\\"flex flex-col items-center p-4 r-header\\"><h1 class=\\"font-bold text-3xl r-header-name\\">张三</h1><img src=\\"https://notion-avatar.vercel.app/api/svg/eyJmYWNlIjo5LCJub3NlIjoxMCwibW91dGgiOjEsImV5ZXMiOjcsImV5ZWJyb3dzIjoxMSwiZ2xhc3NlcyI6MCwiaGFpciI6MTEsImFjY2Vzc29yaWVzIjoxMywiZGV0YWlscyI6MCwiYmVhcmQiOjAsImZsaXAiOjAsImNvbG9yIjoicmdiYSgyNTUsIDAsIDAsIDApIiwic2hhcGUiOiJub25lIn0=\\" alt=\\"头像\\" class=\\"w-40 text-3xl r-header-avatar\\"><ul class=\\"list-none flex flex-wrap r-header-row\\">
<li class=\\"sibling:before:content-| sibling:before:p-x-2 sibling:before:text-gray-400 r-header-col\\"><a class=\\"text-blue-600 underline dark:text-blue-400 r-a\\" href=\\"https://github.com/Dunqing\\">https://github.com/Dunqing</a></li>
</ul><ul class=\\"list-none flex flex-wrap r-header-row\\">
<li class=\\"sibling:before:content-| sibling:before:p-x-2 sibling:before:text-gray-400 r-header-col\\"><a class=\\"text-blue-600 underline dark:text-blue-400 r-a\\" href=\\"mailto:google@gmail.com\\">google@gmail.com</a></li>
<li class=\\"sibling:before:content-| sibling:before:p-x-2 sibling:before:text-gray-400 r-header-col\\">3 年</li>
</ul><ul class=\\"list-none flex flex-wrap r-header-row\\">
<li class=\\"sibling:before:content-| sibling:before:p-x-2 sibling:before:text-gray-400 r-header-col\\">Telegram: @luckingforme</li>
</ul></header>


<blockquote class=\\"border-l-0.3rem p-l-2 border-gray-200 m-b-4 text-gray-700 dark:text-gray-400 r-blockquote\\">
</blockquote>

<blockquote class=\\"border-l-0.3rem p-l-2 border-gray-200 m-b-4 text-gray-700 dark:text-gray-400 r-blockquote\\">
</blockquote>
</div></div></div>"
`;

exports[`components > toolbox 1`] = `
"<div class=\\"r-resume\\"><div class=\\"font-sans text-base text-dark-400 bg-white dark:text-light-700 dark:bg-dark-400 r-container\\"><div class=\\"border print:border-none border-light-700 md:w-full md:max-w-screen-md xs:w-full mx-auto p-y-5 sm:p-x-10 p-x-4 dark:border-dark-100 relative r-content\\"><div class=\\"absolute right-4 top-2 flex gap-x-1.5 print:hidden r-toolbox\\"></div><hr class=\\"r-hr\\">
<h2 class=\\"m-t-3 m-b-1 text-xl font-semibold p-y-1 b-b border-dark dark:border-dark-100 r-h2\\" level=\\"2\\">theme: true
print: true
github: '<a class=\\"text-blue-600 underline dark:text-blue-400 r-a\\" href=\\"https://github.com/Dunqing/resume\\">https://github.com/Dunqing/resume</a>'</h2></div></div></div>"
`;
